测试啊傻狗
